login as: ec2-user
Authenticating with public key "Project1-KP"

       __|  __|_  )
       _|  (     /   Amazon Linux AMI
      ___|\___|___|

https://aws.amazon.com/amazon-linux-ami/2018.03-release-notes/
No packages needed for security; 2 packages available
Run "sudo yum update" to apply all updates.
[ec2-user@ip-10-1-11-158 ~]$ mysql -h project1-db-primary.cxtqsfcuy9mm.us-east-1                                                                             .rds.amazonaws.com -P 3306 -u venkata -p
-bash: mysql: command not found
[ec2-user@ip-10-1-11-158 ~]$ mysql
-bash: mysql: command not found
[ec2-user@ip-10-1-11-158 ~]$ sudo yum install -y https://dev.mysql.com/get/mysql                                                                             57-community-release-el7-11.noarch.rpm
Loaded plugins: priorities, update-motd, upgrade-helper
mysql57-community-release-el7-11.noarch.rpm              |  25 kB     00:00
Examining /var/tmp/yum-root-ylFIqw/mysql57-community-release-el7-11.noarch.rpm:                                                                              mysql57-community-release-el7-11.noarch
Marking /var/tmp/yum-root-ylFIqw/mysql57-community-release-el7-11.noarch.rpm to                                                                              be installed
Resolving Dependencies
amzn-main/latest                                         | 2.1 kB     00:00
amzn-updates/latest                                      | 3.8 kB     00:00
--> Running transaction check
---> Package mysql57-community-release.noarch 0:el7-11 will be installed
--> Finished Dependency Resolution

Dependencies Resolved

================================================================================
 Package           Arch   Version
                                 Repository                                Size
================================================================================
Installing:
 mysql57-community-release
                   noarch el7-11 /mysql57-community-release-el7-11.noarch  31 k

Transaction Summary
================================================================================
Install  1 Package

Total size: 31 k
Installed size: 31 k
Downloading packages:
Running transaction check
Running transaction test
Transaction test succeeded
Running transaction
  Installing : mysql57-community-release-el7-11.noarch                      1/1
  Verifying  : mysql57-community-release-el7-11.noarch                      1/1

Installed:
  mysql57-community-release.noarch 0:el7-11

Complete!
[ec2-user@ip-10-1-11-158 ~]$ sudo yum install -y mysql-community-client
Loaded plugins: priorities, update-motd, upgrade-helper
35 packages excluded due to repository priority protections
Resolving Dependencies
--> Running transaction check
---> Package mysql-community-client.x86_64 0:5.7.31-1.el7 will be installed
--> Processing Dependency: mysql-community-libs(x86-64) >= 5.7.9 for package: my                                                                             sql-community-client-5.7.31-1.el7.x86_64
--> Running transaction check
---> Package mysql-community-libs.x86_64 0:5.7.31-1.el7 will be installed
--> Processing Dependency: mysql-community-common(x86-64) >= 5.7.9 for package:                                                                              mysql-community-libs-5.7.31-1.el7.x86_64
--> Running transaction check
---> Package mysql-community-common.x86_64 0:5.7.31-1.el7 will be installed
--> Finished Dependency Resolution

Dependencies Resolved

================================================================================
 Package                   Arch      Version         Repository            Size
================================================================================
Installing:
 mysql-community-client    x86_64    5.7.31-1.el7    mysql57-community     25 M
Installing for dependencies:
 mysql-community-common    x86_64    5.7.31-1.el7    mysql57-community    311 k
 mysql-community-libs      x86_64    5.7.31-1.el7    mysql57-community    2.3 M

Transaction Summary
================================================================================
Install  1 Package (+2 Dependent packages)

Total download size: 28 M
Installed size: 114 M
Downloading packages:
warning: /var/cache/yum/x86_64/latest/mysql57-community/packages/mysql-community                                                                             -common-5.7.31-1.el7.x86_64.rpm: Header V3 DSA/SHA1 Signature, key ID 5072e1f5:                                                                              NOKEY
Public key for mysql-community-common-5.7.31-1.el7.x86_64.rpm is not installed
(1/3): mysql-community-common-5.7.31-1.el7.x86_64.rpm      | 311 kB   00:00
(2/3): mysql-community-libs-5.7.31-1.el7.x86_64.rpm        | 2.3 MB   00:00
(3/3): mysql-community-client-5.7.31-1.el7.x86_64.rpm      |  25 MB   00:00
--------------------------------------------------------------------------------
Total                                               46 MB/s |  28 MB  00:00
Retrieving key from file:///etc/pki/rpm-gpg/RPM-GPG-KEY-mysql
Importing GPG key 0x5072E1F5:
 Userid     : "MySQL Release Engineering <mysql-build@oss.oracle.com>"
 Fingerprint: a4a9 4068 76fc bd3c 4567 70c8 8c71 8d3b 5072 e1f5
 Package    : mysql57-community-release-el7-11.noarch (installed)
 From       : /etc/pki/rpm-gpg/RPM-GPG-KEY-mysql
Running transaction check
Running transaction test
Transaction test succeeded
Running transaction
  Installing : mysql-community-common-5.7.31-1.el7.x86_64                   1/3
  Installing : mysql-community-libs-5.7.31-1.el7.x86_64                     2/3
  Installing : mysql-community-client-5.7.31-1.el7.x86_64                   3/3
  Verifying  : mysql-community-client-5.7.31-1.el7.x86_64                   1/3
  Verifying  : mysql-community-libs-5.7.31-1.el7.x86_64                     2/3
  Verifying  : mysql-community-common-5.7.31-1.el7.x86_64                   3/3

Installed:
  mysql-community-client.x86_64 0:5.7.31-1.el7

Dependency Installed:
  mysql-community-common.x86_64 0:5.7.31-1.el7
  mysql-community-libs.x86_64 0:5.7.31-1.el7

Complete!
[ec2-user@ip-10-1-11-158 ~]$ mysql
ERROR 2002 (HY000): Can't connect to local MySQL server through socket '/var/lib                                                                             /mysql/mysql.sock' (2)
[ec2-user@ip-10-1-11-158 ~]$ mysql -h project1-db-primary.cxtqsfcuy9mm.us-east-1                                                                             .rds.amazonaws.com -P 3306 -u venkata -p
Enter password:
Welcome to the MySQL monitor.  Commands end with ; or \g.
Your MySQL connection id is 35
Server version: 5.7.30-log Source distribution

Copyright (c) 2000, 2020, Oracle and/or its affiliates. All rights reserved.

Oracle is a registered trademark of Oracle Corporation and/or its
affiliates. Other names may be trademarks of their respective
owners.

Type 'help;' or '\h' for help. Type '\c' to clear the current input statement.

mysql> use mysql
Reading table information for completion of table and column names
You can turn off this feature to get a quicker startup with -A

Database changed
mysql> CREATE TABLE IF NOT EXISTS Project_udacity_table (
    ->     number1 INT AUTO_INCREMENT PRIMARY KEY,
    ->     Name VARCHAR(255) NOT NULL,
    ->     start_date DATE,
    -> statusID TINYINT NOT NULL,
    -> description TEXT,
    -> created_at TIMESTAMP DEFAULT CURRENT_TIMESTAMP
    -> )
    -> ;
ERROR 1044 (42000): Access denied for user 'venkata'@'%' to database 'mysql'
mysql> show databases;
+--------------------+
| Database           |
+--------------------+
| information_schema |
| innodb             |
| mysql              |
| performance_schema |
| sys                |
| udacity            |
+--------------------+
6 rows in set (0.00 sec)

mysql> use udacity
Database changed
mysql> CREATE TABLE IF NOT EXISTS Project_udacity_table (
    ->     number1 INT AUTO_INCREMENT PRIMARY KEY,
    ->     Name VARCHAR(255) NOT NULL,
    ->     start_date DATE,
    -> statusID TINYINT NOT NULL,
    -> description TEXT,
    -> created_at TIMESTAMP DEFAULT CURRENT_TIMESTAMP
    -> )
    -> ;
Query OK, 0 rows affected (0.04 sec)

mysql> INSERT INTO Project_udacity_table
    ->     (name,start_date,statusID,description)
    ->      values('UDACITY project',CURDATE(),1,'Record one');
Query OK, 1 row affected (0.01 sec)

mysql>
mysql> INSERT INTO Project_udacity_table
    ->     (name,start_date,statusID,description)
    ->      values('UDACITY project1',CURDATE(),2,'Record two');
Query OK, 1 row affected (0.00 sec)

mysql> select * from Project_udacity_table;
+---------+------------------+------------+----------+-------------+------------                                                                             ---------+
| number1 | Name             | start_date | statusID | description | created_at                                                                                       |
+---------+------------------+------------+----------+-------------+------------                                                                             ---------+
|       1 | UDACITY project  | 2020-09-29 |        1 | Record one  | 2020-09-29                                                                              02:35:26 |
|       2 | UDACITY project1 | 2020-09-29 |        2 | Record two  | 2020-09-29                                                                              02:35:28 |
+---------+------------------+------------+----------+-------------+------------                                                                             ---------+
2 rows in set (0.00 sec)

mysql>
